<html>
<body>
<pre>
<h1>µVision Build Log</h1>
<h2>Tool Versions:</h2>
IDE-Version: ¦ÌVision V5.43.1.0
Copyright (C) 2025 ARM Ltd and ARM Germany GmbH. All rights reserved.
License Information: z zhengweida2008@163.com, wddd, LIC=X96CK-ZWUW7-LQZ0Q-NT4DS-47UGL-JGRCE
 
Tool Versions:
Toolchain:       MDK-ARM Plus  Version: 5.43.0.0
Toolchain Path:  C:\Users\zheng\AppData\Local\Keil_v5\ARM\ARMCC\Bin
C Compiler:      Armcc.exe V5.06 update 6 (build 750)
Assembler:       Armasm.exe V5.06 update 6 (build 750)
Linker/Locator:  ArmLink.exe V5.06 update 6 (build 750)
Library Manager: ArmAr.exe V5.06 update 6 (build 750)
Hex Converter:   FromElf.exe V5.06 update 6 (build 750)
CPU DLL:         SARMCM3.DLL V5.43.0.0
Dialog DLL:      DCM.DLL V1.17.5.0
Target DLL:      STLink\ST-LINKIII-KEIL_SWO.dll V3.3.1.0
Dialog DLL:      TCM.DLL V1.56.6.0
 
<h2>Project:</h2>
D:\Ð¡³µ´úÂë¿â\stm32\Project.uvprojx
Project File Date:  11/23/2025

<h2>Output:</h2>
*** Using Compiler 'V5.06 update 6 (build 750)', folder: 'C:\Users\zheng\AppData\Local\Keil_v5\ARM\ARMCC\Bin'
Rebuild target 'Target 1'
compiling stm32f10x_i2c.c...
compiling system_stm32f10x.c...
compiling stm32f10x_dma.c...
assembling startup_stm32f10x_md.s...
compiling stm32f10x_flash.c...
compiling stm32f10x_can.c...
compiling stm32f10x_adc.c...
compiling misc.c...
compiling stm32f10x_pwr.c...
compiling stm32f10x_fsmc.c...
compiling stm32f10x_iwdg.c...
compiling stm32f10x_rtc.c...
compiling stm32f10x_exti.c...
compiling stm32f10x_bkp.c...
compiling stm32f10x_dac.c...
compiling stm32f10x_gpio.c...
compiling stm32f10x_dbgmcu.c...
compiling stm32f10x_cec.c...
compiling stm32f10x_crc.c...
compiling stm32f10x_spi.c...
compiling stm32f10x_rcc.c...
compiling stm32f10x_usart.c...
compiling stm32f10x_sdio.c...
compiling core_cm3.c...
compiling stm32f10x_tim.c...
compiling Delay.c...
compiling Key.c...
compiling stm32f10x_wwdg.c...
compiling LED.c...
compiling PWM.c...
Hardware\PWM.c(77): warning:  #1-D: last line of file ends without a newline
  }
Hardware\PWM.c: 1 warning, 0 errors
compiling robot.c...
Hardware\PWM.h(6): warning:  #1-D: last line of file ends without a newline
  #endif
Hardware\robot.c(159): warning:  #1-D: last line of file ends without a newline
  }
Hardware\robot.c: 2 warnings, 0 errors
compiling Serial.c...
Hardware\Serial.h(12): warning:  #1-D: last line of file ends without a newline
  #endif
Hardware\Serial.c(105): warning:  #1-D: last line of file ends without a newline
  }
Hardware\Serial.c: 2 warnings, 0 errors
compiling main.c...
.\Hardware\robot.h(18): warning:  #1-D: last line of file ends without a newline
  #endif
.\Hardware\Serial.h(12): warning:  #1-D: last line of file ends without a newline
  #endif
User\main.c(81): warning:  #1-D: last line of file ends without a newline
  }
User\main.c: 3 warnings, 0 errors
compiling stm32f10x_it.c...
linking...
Program Size: Code=3784 RO-data=268 RW-data=52 ZI-data=1044  
FromELF: creating hex file...
".\Objects\yun.axf" - 0 Error(s), 8 Warning(s).

<h2>Software Packages used:</h2>

Package Vendor: Keil
                https://www.keil.com/pack/Keil.STM32F1xx_DFP.2.4.1.pack
                Keil::STM32F1xx_DFP@2.4.1
                STMicroelectronics STM32F1 Series Device Support, Drivers and Examples

<h2>Collection of Component include folders:</h2>
  C:/Users/zheng/AppData/Local/Arm/Packs/Keil/STM32F1xx_DFP/2.4.1/Device/Include

<h2>Collection of Component Files used:</h2>
Build Time Elapsed:  00:00:03
</pre>
</body>
</html>
